[hexagonyc.fr/Istrium/index.html]
[backblue.gif]
[fade.gif]
[index.html]
[code.jquery.com/jquery-3.2.1.slim.min.js]
[hexagonyc.fr/Istrium/vendor/jquery/jquery.min.js]
[hexagonyc.fr/Istrium/vendor/bootstrap/js/bootstrap.bundle.min.js]
[hexagonyc.fr/Istrium/css/animate.4.delayed]
[cdnjs.cloudflare.com/ajax/libs/popper.js/1.12.9/umd/popper.min.js]
[netdna.bootstrapcdn.com/font-awesome/4.0.3/css/font-awesome.css]
[hexagonyc.fr/Istrium/js/animations.js]
[maxcdn.bootstrapcdn.com/bootstrap/4.0.0/css/bootstrap.min.css]
[hexagonyc.fr/Istrium/js/animated-text.js]
[hexagonyc.fr/Istrium/vendor/jquery-easing/jquery.easing.min.js]
[hexagonyc.fr/Istrium/assets/lr1-56.jpg]
[canvasjs.com/assets/script/canvasjs.min.js]
[hexagonyc.fr/Istrium/js/particles.js]
[hexagonyc.fr/Istrium/js/my.js]
[hexagonyc.fr/Istrium/index.html]
[hexagonyc.fr/Istrium/css/animate.html]
[hexagonyc.fr/Istrium/css/my.css]
[hexagonyc.fr/Istrium/css/progress-bar.css]
[hexagonyc.fr/Istrium/css/roadmap.css]
[hexagonyc.fr/Istrium/css/animated-text.css]
[hexagonyc.fr/Istrium/css/responsive.css]
[netdna.bootstrapcdn.com/font-awesome/4.0.3/css/font-awesome.css]
[maxcdn.bootstrapcdn.com/bootstrap/4.0.0/css/bootstrap.min.css]
[canvasjs.com/assets/script/canvasjs.min.js]
[hexagonyc.fr/Istrium/assets/shapes/toutlesite.svg]
[hexagonyc.fr/Istrium/assets/shapes/icon1.svg]
[hexagonyc.fr/Istrium/assets/shapes/icon2.svg]
[hexagonyc.fr/Istrium/assets/shapes/icon3.svg]
[hexagonyc.fr/Istrium/assets/shapes/bubble.svg]
[hexagonyc.fr/Istrium/assets/shapes/mobile-bg.svg]
[file/Users/mrekinox/1Desktop/Istrium/landingPage_isprium11.png]
